<testsuites id="" name="" tests="8" failures="0" skipped="0" errors="0" time="18.461723">
<testsuite name="herokuapp\fileUpload.spec.ts" timestamp="2026-09-28T01:01:30.350Z" hostname="chromium" tests="1" failures="0" skipped="0" time="9.384" errors="0">
<testcase name="Handle fileupload › should upload a single file" classname="herokuapp\fileUpload.spec.ts" time="9.384">
<system-out>
<![CDATA[
[[ATTACHMENT|test-results\herokuapp-fileUpload-Handl-1d3da-should-upload-a-single-file-chromium\trace.zip]]
]]>
</system-out>
</testcase>
</testsuite>
<testsuite name="herokuapp\handleAlerts.spec.ts" timestamp="2026-09-28T01:01:30.350Z" hostname="chromium" tests="5" failures="0" skipped="0" time="47.297" errors="0">
<testcase name="Handle Alerts › should handle simple alert" classname="herokuapp\handleAlerts.spec.ts" time="15.437">
<system-out>
<![CDATA[
[[ATTACHMENT|test-results\herokuapp-handleAlerts-Han-66a46--should-handle-simple-alert-chromium\trace.zip]]
]]>
</system-out>
</testcase>
<testcase name="Handle Alerts › should handle confirm alert" classname="herokuapp\handleAlerts.spec.ts" time="9.209">
<system-out>
<![CDATA[
[[ATTACHMENT|test-results\herokuapp-handleAlerts-Han-c1a07-should-handle-confirm-alert-chromium\trace.zip]]
]]>
</system-out>
</testcase>
<testcase name="Handle Alerts › should handle confirm alert with cancel" classname="herokuapp\handleAlerts.spec.ts" time="9.241">
<system-out>
<![CDATA[
[[ATTACHMENT|test-results\herokuapp-handleAlerts-Han-96dd5-e-confirm-alert-with-cancel-chromium\trace.zip]]
]]>
</system-out>
</testcase>
<testcase name="Handle Alerts › should handle prompt alert" classname="herokuapp\handleAlerts.spec.ts" time="9.719">
<system-out>
<![CDATA[
[[ATTACHMENT|test-results\herokuapp-handleAlerts-Han-06a0f--should-handle-prompt-alert-chromium\trace.zip]]
]]>
</system-out>
</testcase>
<testcase name="Handle Alerts › should handle prompt alert with cancel" classname="herokuapp\handleAlerts.spec.ts" time="3.691">
<system-out>
<![CDATA[
[[ATTACHMENT|test-results\herokuapp-handleAlerts-Han-c257f-le-prompt-alert-with-cancel-chromium\trace.zip]]
]]>
</system-out>
</testcase>
</testsuite>
<testsuite name="herokuapp\handlesFrames.spec.ts" timestamp="2026-09-28T01:01:30.350Z" hostname="chromium" tests="2" failures="0" skipped="0" time="9.541" errors="0">
<testcase name="handle frams › handle iframes" classname="herokuapp\handlesFrames.spec.ts" time="5.058">
<system-out>
<![CDATA[
[[ATTACHMENT|test-results\herokuapp-handlesFrames-handle-frams-handle-iframes-chromium\trace.zip]]
]]>
</system-out>
</testcase>
<testcase name="handle frams › handle normal frames" classname="herokuapp\handlesFrames.spec.ts" time="4.483">
<system-out>
<![CDATA[
[[ATTACHMENT|test-results\herokuapp-handlesFrames-handle-frams-handle-normal-frames-chromium\trace.zip]]
]]>
</system-out>
</testcase>
</testsuite>
</testsuites>